[0414/142446.670:ERROR:os_crypt_win.cc(93)] Failed to decrypt: Clave no válida para utilizar en el estado especificado. (0x8009000B)
[0414/142447.305:ERROR:backend_impl.cc(1041)] Critical error found -8
[0414/142447.378:WARNING:storage_block-inl.h(146)] Failed data load.
[0414/142447.378:WARNING:storage_block-inl.h(146)] Failed data load.
[0414/142447.378:WARNING:storage_block-inl.h(146)] Failed data load.
[0414/142447.379:ERROR:entry_impl.cc(998)] Failed to save user data
[0414/142448.212:WARNING:value_store_frontend.cc(45)] Reading mhjfbmdgcfjbbpaeojofohoefgiehjai.alarms from  failed: IO error: .../MANIFEST-000001: Unable to create sequential file (ChromeMethodBFE: 7::NewSequentialFile::1)
[0414/142500.609:WARNING:angle_platform_impl.cc(48)] HLSLCompiler.cpp:257 (compileToBinary): 
C:\fakepath(102,1-6): warning X4000: use of potentially uninitialized variable (dyn_index_vec4_float4)

[0414/142501.063:WARNING:angle_platform_impl.cc(48)] HLSLCompiler.cpp:257 (compileToBinary): 
C:\fakepath(135,1): warning X4000: use of potentially uninitialized variable (f_i)
C:\fakepath(137,1): warning X4000: use of potentially uninitialized variable (f_i)
C:\fakepath(173,1): warning X4000: use of potentially uninitialized variable (f_u)

[0414/142501.265:WARNING:angle_platform_impl.cc(48)] HLSLCompiler.cpp:257 (compileToBinary): 
C:\fakepath(165,1): warning X4000: use of potentially uninitialized variable (f_renderMipMapLevel)

[0414/142501.271:WARNING:angle_platform_impl.cc(48)] HLSLCompiler.cpp:257 (compileToBinary): 
C:\fakepath(165,1): warning X4000: use of potentially uninitialized variable (f_renderMipMapLevel)

[0414/142501.767:ERROR:gl_utils.cc(314)] [.WebGL-0000049C12D4C100] GL_INVALID_OPERATION: Two textures of different types use the same sampler location.
[0414/142501.767:ERROR:gl_utils.cc(314)] [.WebGL-0000049C12D4C100] GL_INVALID_OPERATION: Two textures of different types use the same sampler location.
[0414/142501.768:ERROR:gl_utils.cc(314)] [.WebGL-0000049C12D4C100] GL_INVALID_OPERATION: Two textures of different types use the same sampler location.
[0414/142501.784:ERROR:gl_utils.cc(314)] [.WebGL-0000049C12D4C100] GL_INVALID_OPERATION: Two textures of different types use the same sampler location.
[0414/142501.784:ERROR:gl_utils.cc(314)] [.WebGL-0000049C12D4C100] GL_INVALID_OPERATION: Two textures of different types use the same sampler location.
[0414/142501.784:ERROR:gl_utils.cc(314)] [.WebGL-0000049C12D4C100] GL_INVALID_OPERATION: Two textures of different types use the same sampler location.
[0414/142647.035:ERROR:gpu_init.cc(426)] Passthrough is not supported, GL is disabled
